// Jest Snapshot v1, https://goo.gl/fbAQLP

exports[`Component : BreadCrumb expect to render BreadCrumb component 1`] = `ShallowWrapper {}`;

exports[`expect to render BreadCrumb component 1`] = `ShallowWrapper {}`;
