// Jest Snapshot v1, https://goo.gl/fbAQLP

exports[`Component : Overlay expect to render Overlay component 1`] = `ShallowWrapper {}`;
