// Jest Snapshot v1, https://goo.gl/fbAQLP

exports[`Component : ProductDetailsPage expect to render ProductDetailsPage component 1`] = `ShallowWrapper {}`;
