// Jest Snapshot v1, https://goo.gl/fbAQLP

exports[`Component : ProductImages expect to render Product Images component 1`] = `ShallowWrapper {}`;
