// Jest Snapshot v1, https://goo.gl/fbAQLP

exports[`Component : SimilarProduct expect to render Similar Product component 1`] = `ShallowWrapper {}`;
