// Jest Snapshot v1, https://goo.gl/fbAQLP

exports[`Component : BrowsePage expect to render BrowsePage component 1`] = `ShallowWrapper {}`;
