// Jest Snapshot v1, https://goo.gl/fbAQLP

exports[`Component : Product Details expect to render Product Details component 1`] = `ShallowWrapper {}`;
